Current level 1 is not the highest level.
Sending a snapshot of the virtual machine's internal data to the remote cloud infrastructure.
Data identifying the top-tier reward emblem: Gold
CuffScript fast VM sync engine running... current loop step: 1
CuffScript fast VM sync engine running... current loop step: 2
CuffScript fast VM sync engine running... current loop step: 3
Forcing the loop to stop.
